{"Name":"aws","Metadata":{"Type":"aws"},"Endpoints":{"aws":{"Profile":"profileName","Cluster":"clusterName","Region":"regionName"},"docker":{"Profile":"profileName","Cluster":"clusterName","Region":"regionName"}}}